Loading intel/2024.2
  Loading requirement: intel-tbb/2021.13 intel-rt/2024.2
host: della-l08g4   cpus: 32   agents_per_cpu: 4   tag: 32c_a4
commit: 6cd3670f
GPU 0: NVIDIA A100-SXM4-80GB (UUID: GPU-de47e784-b81f-4a55-bb6f-099142193ae3)
Wed May 20 11:52:56 PM EDT 2026
[ 24%] Built target lev_comp
[ 14%] Built target dat
[100%] Built target nethack
Detected discrete action space with 1 heads
Num workers: 1
Num workers: 1
[0;0H╭──────────────────────────────────────────────────────────────────────────────╮
│  PufferLib 4.0 🐡                 GPU: 0%      VRAM: 0.9/79G      RAM: 1.3G  │
│                                                                              │
│  Summary          Value    Evaluate     0ms   0%    Losses            Value  │
│  Env            nethack      GPU        0ms   0%    policy           -0.014  │
│  Params            4.0M      Env        0ms   0%    value             0.000  │
│  Steps              0.0    Train      190ms  99%    entropy           3.111  │
│  SPS                0.0      Misc      21ms  11%    total            -0.079  │
│  Epoch                0      Forwa…   169ms  88%    old_kl            0.001  │
│  Uptime             0ms                             kl                0.000  │
│  Remaini…   A hair past                             clipfrac          0.413  │
│               a freckle                                                      │
│                                                                              │
│  User Stats                    Value    User Stats                    Value  │
╰──────────────────────────────────────────────────────────────────────────────╯

Wed May 20 11:53:02 PM EDT 2026
DONE-32c_a4
