Loading intel/2024.2
  Loading requirement: intel-tbb/2021.13 intel-rt/2024.2
host: della-l08g4   cpus: 32   agents_per_cpu: 4   tag: 32c_a4_v2
commit: 6cd3670f
GPU 0: NVIDIA A100-SXM4-80GB (UUID: GPU-2677064d-7576-9e8c-7380-2b2df3ff3b24)
Wed May 20 11:59:30 PM EDT 2026
[ 24%] Built target lev_comp
[ 30%] Built target dat
[100%] Built target nethack
Detected discrete action space with 1 heads
Num workers: 1
Num workers: 1
[0;0H╭──────────────────────────────────────────────────────────────────────────────╮
│  PufferLib 4.0 🐡                 GPU: 1%      VRAM: 0.9/79G      RAM: 1.3G  │
│                                                                              │
│  Summary          Value    Evaluate     0ms   0%    Losses            Value  │
│  Env            nethack      GPU        0ms   0%    policy           -0.014  │
│  Params            4.0M      Env        0ms   0%    value             0.000  │
│  Steps              0.0    Train      209ms  99%    entropy           3.111  │
│  SPS                0.0      Misc      23ms  10%    total            -0.079  │
│  Epoch                0      Forwa…   186ms  89%    old_kl            0.001  │
│  Uptime             0ms                             kl                0.000  │
│  Remaini…   A hair past                             clipfrac          0.413  │
│               a freckle                                                      │
│                                                                              │
│  User Stats                    Value    User Stats                    Value  │
╰──────────────────────────────────────────────────────────────────────────────╯

Wed May 20 11:59:34 PM EDT 2026
DONE-32c_a4_v2
