Detected discrete action space with 1 heads
Num workers: 1
[0;0H╭──────────────────────────────────────────────────────────────────────────────╮
│  PufferLib 4.0 🐡                 GPU: 0%     VRAM: 20.1/39G      RAM: 2.3G  │
│                                                                              │
│  Summary          Value    Evaluate     0ms   0%    Losses            Value  │
│  Env            nethack      GPU        0ms   0%    policy           -0.006  │
│  Params            4.0M      Env        0ms   0%    value             0.000  │
│  Steps              0.0    Train      0d 0h  99%    entropy           3.111  │
│  SPS                0.0               0m 1s         total            -0.071  │
│  Epoch                0      Misc     104ms   6%    old_kl            0.001  │
│  Uptime             0ms      Forwa…   0d 0h  93%    kl                0.000  │
│  Remaini…   A hair past               0m 1s         clipfrac          0.297  │
│               a freckle                                                      │
│                                                                              │
│  User Stats                    Value    User Stats                    Value  │
╰──────────────────────────────────────────────────────────────────────────────╯

[0;0H╭──────────────────────────────────────────────────────────────────────────────╮
│  PufferLib 4.0          🐡        GPU: 5%     VRAM: 20.1/39G      RAM: 2.3G  │
│                                                                              │
│  Summary          Value    Evaluate   0d 0h  98%    Losses            Value  │
│  Env            nethack              0m 14s         policy           -0.089  │
│  Params            4.0M      GPU       88ms   0%    value             1.442  │
│  Steps           262.1K      Env      0d 0h  97%    entropy           1.040  │
│  SPS              17.9K              0m 14s         total             0.033  │
│  Epoch                1    Train      217ms   1%    old_kl            0.217  │
│  Uptime    0d 0h 0m 14s      Misc      13ms   0%    kl                0.215  │
│  Remaini…    0d 15h 28m      Forwa…   204ms   1%    clipfrac          0.737  │
│                     28s                                                      │
│                                                                              │
│  User Stats                    Value    User Stats                    Value  │
│  perf                          0.000    score                         0.000  │
│  episode_return               -0.625    episode_length               40.583  │
│  depth                         0.000    valid_moves                  17.000  │
│  illegal_actions               2.500    new_tiles                     6.250  │
╰──────────────────────────────────────────────────────────────────────────────╯

[0;0H╭──────────────────────────────────────────────────────────────────────────────╮
│  PufferLib 4.0         🐡         GPU: 1%     VRAM: 20.1/39G      RAM: 2.3G  │
│                                                                              │
│  Summary          Value    Evaluate   0d 0h  98%    Losses            Value  │
│  Env            nethack               0m 9s         policy            0.062  │
│  Params            4.0M      GPU       83ms   0%    value             1.133  │
│  Steps           524.3K      Env      0d 0h  97%    entropy           1.068  │
│  SPS              26.0K               0m 9s         total             0.153  │
│  Epoch                2    Train      200ms   1%    old_kl            0.256  │
│  Uptime    0d 0h 0m 24s      Misc      13ms   0%    kl                0.254  │
│  Remaini…    0d 10h 39m      Forwa…   187ms   1%    clipfrac          0.803  │
│                     52s                                                      │
│                                                                              │
│  User Stats                    Value    User Stats                    Value  │
│  perf                          0.000    score                         0.000  │
│  episode_return               -1.874    episode_length               93.217  │
│  depth                         0.000    valid_moves                  27.609  │
│  illegal_actions               5.522    new_tiles                     8.435  │
╰──────────────────────────────────────────────────────────────────────────────╯

[0;0H╭──────────────────────────────────────────────────────────────────────────────╮
│  PufferLib 4.0        🐡         GPU: 39%     VRAM: 20.1/39G      RAM: 2.3G  │
│                                                                              │
│  Summary          Value    Evaluate   0d 0h  97%    Losses            Value  │
│  Env            nethack               0m 9s         policy            0.073  │
│  Params            4.0M      GPU       81ms   0%    value             0.571  │
│  Steps           786.4K      Env      0d 0h  96%    entropy           1.057  │
│  SPS              25.8K               0m 9s         total             0.108  │
│  Epoch                3    Train      221ms   2%    old_kl            0.203  │
│  Uptime    0d 0h 0m 34s      Misc      13ms   0%    kl                0.207  │
│  Remaini…    0d 10h 46m      Forwa…   208ms   2%    clipfrac          0.790  │
│                     24s                                                      │
│                                                                              │
│  User Stats                    Value    User Stats                    Value  │
│  perf                          0.000    score                         0.000  │
│  episode_return               -2.585    episode_length              151.462  │
│  depth                         0.000    valid_moves                  43.154  │
│  illegal_actions               7.846    new_tiles                    13.385  │
╰──────────────────────────────────────────────────────────────────────────────╯

[0;0H╭──────────────────────────────────────────────────────────────────────────────╮
│  PufferLib 4.0       🐡          GPU: 18%     VRAM: 20.1/39G      RAM: 2.3G  │
│                                                                              │
│  Summary          Value    Evaluate   0d 0h  97%    Losses            Value  │
│  Env            nethack               0m 9s         policy            0.069  │
│  Params            4.0M      GPU       79ms   0%    value             1.108  │
│  Steps             1.0M      Env      0d 0h  96%    entropy           1.126  │
│  SPS              28.2K               0m 8s         total             0.157  │
│  Epoch                4    Train      221ms   2%    old_kl            0.157  │
│  Uptime    0d 0h 0m 44s      Misc      13ms   0%    kl                0.161  │
│  Remaini…     0d 9h 50m      Forwa…   208ms   2%    clipfrac          0.794  │
│                     32s                                                      │
│                                                                              │
│  User Stats                    Value    User Stats                    Value  │
│  perf                          0.000    score                         0.000  │
│  episode_return                1.267    episode_length              231.167  │
│  depth                         0.000    valid_moves                  95.333  │
│  illegal_actions               0.833    new_tiles                    16.833  │
╰──────────────────────────────────────────────────────────────────────────────╯

[0;0H╭──────────────────────────────────────────────────────────────────────────────╮
│  PufferLib 4.0      🐡            GPU: 1%     VRAM: 20.5/39G      RAM: 2.3G  │
│                                                                              │
│  Summary          Value    Evaluate   0d 0h  98%    Losses            Value  │
│  Env            nethack               0m 9s         policy            0.061  │
│  Params            4.0M      GPU       81ms   0%    value             0.439  │
│  Steps             1.3M      Env      0d 0h  97%    entropy           1.105  │
│  SPS              26.9K               0m 9s         total             0.082  │
│  Epoch                5    Train      180ms   1%    old_kl            0.127  │
│  Uptime    0d 0h 0m 53s      Misc      13ms   0%    kl                0.129  │
│  Remaini…    0d 10h 18m      Forwa…   167ms   1%    clipfrac          0.779  │
│                     50s                                                      │
│                                                                              │
│  User Stats                    Value    User Stats                    Value  │
│  perf                          0.000    score                         0.000  │
│  episode_return                0.009    episode_length              289.636  │
│  depth                         0.000    valid_moves                  66.909  │
│  illegal_actions               4.545    new_tiles                    21.909  │
╰──────────────────────────────────────────────────────────────────────────────╯

[0;0H╭──────────────────────────────────────────────────────────────────────────────╮
│  PufferLib 4.0     🐡             GPU: 1%     VRAM: 20.1/39G      RAM: 2.3G  │
│                                                                              │
│  Summary          Value    Evaluate   0d 0h  97%    Losses            Value  │
│  Env            nethack               0m 8s         policy            0.049  │
│  Params            4.0M      GPU       79ms   0%    value             0.300  │
│  Steps             1.6M      Env      0d 0h  96%    entropy           1.005  │
│  SPS              29.1K               0m 8s         total             0.059  │
│  Epoch                6    Train      196ms   2%    old_kl            0.074  │
│  Uptime     0d 0h 1m 2s      Misc      13ms   0%    kl                0.076  │
│  Remaini…     0d 9h 31m      Forwa…   183ms   2%    clipfrac          0.734  │
│                     53s                                                      │
│                                                                              │
│  User Stats                    Value    User Stats                    Value  │
│  perf                          0.000    score                         0.000  │
│  episode_return               -6.043    episode_length              342.857  │
│  depth                         0.000    valid_moves                  78.286  │
│  illegal_actions              16.143    new_tiles                    18.857  │
╰──────────────────────────────────────────────────────────────────────────────╯

[0;0H╭──────────────────────────────────────────────────────────────────────────────╮
│  PufferLib 4.0    🐡             GPU: 60%     VRAM: 20.1/39G      RAM: 2.3G  │
│                                                                              │
│  Summary          Value    Evaluate   0d 0h  98%    Losses            Value  │
│  Env            nethack               0m 8s         policy            0.052  │
│  Params            4.0M      GPU       80ms   0%    value             0.363  │
│  Steps             1.8M      Env      0d 0h  97%    entropy           0.996  │
│  SPS              28.8K               0m 8s         total             0.068  │
│  Epoch                7    Train      161ms   1%    old_kl            0.074  │
│  Uptime    0d 0h 1m 11s      Misc      13ms   0%    kl                0.077  │
│  Remaini…     0d 9h 36m      Forwa…   148ms   1%    clipfrac          0.729  │
│                     50s                                                      │
│                                                                              │
│  User Stats                    Value    User Stats                    Value  │
│  perf                          0.000    score                         0.000  │
│  episode_return               -3.460    episode_length              424.000  │
│  depth                         0.000    valid_moves                 105.000  │
│  illegal_actions              11.400    new_tiles                    22.400  │
╰──────────────────────────────────────────────────────────────────────────────╯

[0;0H╭──────────────────────────────────────────────────────────────────────────────╮
│  PufferLib 4.0   🐡               GPU: 1%     VRAM: 20.1/39G      RAM: 2.3G  │
│                                                                              │
│  Summary          Value    Evaluate   0d 0h  97%    Losses            Value  │
│  Env            nethack               0m 8s         policy            0.065  │
│  Params            4.0M      GPU       80ms   0%    value             0.365  │
│  Steps             2.1M      Env      0d 0h  96%    entropy           1.088  │
│  SPS              29.5K               0m 8s         total             0.079  │
│  Epoch                8    Train      196ms   2%    old_kl            0.157  │
│  Uptime    0d 0h 1m 20s      Misc      12ms   0%    kl                0.157  │
│  Remaini…     0d 9h 24m      Forwa…   184ms   2%    clipfrac          0.756  │
│                     36s                                                      │
│                                                                              │
│  User Stats                    Value    User Stats                    Value  │
│  perf                          0.000    score                         0.000  │
│  episode_return                2.450    episode_length              489.250  │
│  depth                         0.000    valid_moves                 102.875  │
│  illegal_actions               0.750    new_tiles                    28.250  │
╰──────────────────────────────────────────────────────────────────────────────╯

[0;0H╭──────────────────────────────────────────────────────────────────────────────╮
│  PufferLib 4.0  🐡               GPU: 25%     VRAM: 20.1/39G      RAM: 2.3G  │
│                                                                              │
│  Summary          Value    Evaluate   0d 0h  97%    Losses            Value  │
│  Env            nethack               0m 8s         policy            0.057  │
│  Params            4.0M      GPU       81ms   0%    value             0.283  │
│  Steps             2.4M      Env      0d 0h  96%    entropy           1.218  │
│  SPS              30.8K               0m 8s         total             0.060  │
│  Epoch                9    Train      221ms   2%    old_kl            0.091  │
│  Uptime    0d 0h 1m 29s      Misc      13ms   0%    kl                0.094  │
│  Remaini…     0d 8h 59m      Forwa…   208ms   2%    clipfrac          0.786  │
│                     53s                                                      │
│                                                                              │
│  User Stats                    Value    User Stats                    Value  │
│  perf                          0.000    score                         0.000  │
│  episode_return               -5.375    episode_length              544.375  │
│  depth                         0.000    valid_moves                  77.875  │
│  illegal_actions              15.875    new_tiles                    24.375  │
╰──────────────────────────────────────────────────────────────────────────────╯

[0;0H╭──────────────────────────────────────────────────────────────────────────────╮
│  PufferLib 4.0 🐡                 GPU: 1%     VRAM: 20.1/39G      RAM: 2.3G  │
│                                                                              │
│  Summary          Value    Evaluate   0d 0h  98%    Losses            Value  │
│  Env            nethack               0m 8s         policy            0.065  │
│  Params            4.0M      GPU       86ms   0%    value             0.209  │
│  Steps             2.6M      Env      0d 0h  97%    entropy           1.311  │
│  SPS              30.0K               0m 8s         total             0.059  │
│  Epoch               10    Train      164ms   1%    old_kl            0.130  │
│  Uptime    0d 0h 1m 38s      Misc      13ms   0%    kl                0.130  │
│  Remaini…     0d 9h 14m      Forwa…   151ms   1%    clipfrac          0.800  │
│                     21s                                                      │
│                                                                              │
│  User Stats                    Value    User Stats                    Value  │
│  perf                          0.000    score                         0.000  │
│  episode_return               -2.467    episode_length              588.333  │
│  depth                         0.000    valid_moves                  78.500  │
│  illegal_actions               8.333    new_tiles                    15.333  │
╰──────────────────────────────────────────────────────────────────────────────╯

[0;0H╭──────────────────────────────────────────────────────────────────────────────╮
│  PufferLib 4.0          🐡       GPU: 56%     VRAM: 20.1/39G      RAM: 2.3G  │
│                                                                              │
│  Summary          Value    Evaluate   0d 0h  98%    Losses            Value  │
│  Env            nethack               0m 8s         policy            0.062  │
│  Params            4.0M      GPU       82ms   0%    value             0.392  │
│  Steps             2.9M      Env      0d 0h  97%    entropy           1.384  │
│  SPS              29.6K               0m 8s         total             0.072  │
│  Epoch               11    Train      163ms   1%    old_kl            0.093  │
│  Uptime    0d 0h 1m 47s      Misc      12ms   0%    kl                0.093  │
│  Remaini…     0d 9h 22m      Forwa…   152ms   1%    clipfrac          0.809  │
│                     13s                                                      │
│                                                                              │
│  User Stats                    Value    User Stats                    Value  │
│  perf                          0.000    score                         0.000  │
│  episode_return                2.100    episode_length              659.833  │
│  depth                         0.000    valid_moves                 126.667  │
│  illegal_actions               2.833    new_tiles                    31.833  │
╰──────────────────────────────────────────────────────────────────────────────╯

[0;0H╭──────────────────────────────────────────────────────────────────────────────╮
│  PufferLib 4.0         🐡         GPU: 2%     VRAM: 20.1/39G      RAM: 2.3G  │
│                                                                              │
│  Summary          Value    Evaluate   0d 0h  97%    Losses            Value  │
│  Env            nethack               0m 8s         policy            0.062  │
│  Params            4.0M      GPU       83ms   0%    value             0.298  │
│  Steps             3.1M      Env      0d 0h  96%    entropy           1.484  │
│  SPS              29.2K               0m 8s         total             0.061  │
│  Epoch               12    Train      213ms   2%    old_kl            0.076  │
│  Uptime    0d 0h 1m 56s      Misc      13ms   0%    kl                0.078  │
│  Remaini…     0d 9h 29m      Forwa…   200ms   2%    clipfrac          0.821  │
│                     25s                                                      │
│                                                                              │
│  User Stats                    Value    User Stats                    Value  │
│  perf                          0.000    score                         0.000  │
│  episode_return               -0.663    episode_length              729.625  │
│  depth                         0.000    valid_moves                  63.875  │
│  illegal_actions               6.750    new_tiles                    24.625  │
╰──────────────────────────────────────────────────────────────────────────────╯

[0;0H╭──────────────────────────────────────────────────────────────────────────────╮
│  PufferLib 4.0        🐡         GPU: 18%     VRAM: 20.1/39G      RAM: 2.3G  │
│                                                                              │
│  Summary          Value    Evaluate   0d 0h  97%    Losses            Value  │
│  Env            nethack               0m 9s         policy            0.046  │
│  Params            4.0M      GPU       81ms   0%    value             0.457  │
│  Steps             3.4M      Env      0d 0h  96%    entropy           1.525  │
│  SPS              26.1K               0m 9s         total             0.060  │
│  Epoch               13    Train      221ms   2%    old_kl            0.047  │
│  Uptime     0d 0h 2m 6s      Misc      13ms   0%    kl                0.048  │
│  Remaini…    0d 10h 35m      Forwa…   208ms   2%    clipfrac          0.816  │
│                     17s                                                      │
│                                                                              │
│  User Stats                    Value    User Stats                    Value  │
│  perf                          0.000    score                         0.000  │
│  episode_return               -2.609    episode_length              799.273  │
│  depth                         0.000    valid_moves                  90.182  │
│  illegal_actions              11.727    new_tiles                    31.636  │
╰──────────────────────────────────────────────────────────────────────────────╯

[0;0H╭──────────────────────────────────────────────────────────────────────────────╮
│  PufferLib 4.0       🐡          GPU: 45%     VRAM: 20.1/39G      RAM: 2.3G  │
│                                                                              │
│  Summary          Value    Evaluate   0d 0h  97%    Losses            Value  │
│  Env            nethack               0m 9s         policy            0.058  │
│  Params            4.0M      GPU       84ms   0%    value             0.462  │
│  Steps             3.7M      Env      0d 0h  96%    entropy           1.574  │
│  SPS              27.9K               0m 9s         total             0.072  │
│  Epoch               14    Train      197ms   2%    old_kl            0.064  │
│  Uptime    0d 0h 2m 15s      Misc      12ms   0%    kl                0.066  │
│  Remaini…     0d 9h 54m      Forwa…   184ms   1%    clipfrac          0.823  │
│                     26s                                                      │
│                                                                              │
│  User Stats                    Value    User Stats                    Value  │
│  perf                          0.000    score                         0.000  │
│  episode_return               -0.113    episode_length              867.125  │
│  depth                         0.000    valid_moves                  62.500  │
│  illegal_actions               6.250    new_tiles                    27.625  │
╰──────────────────────────────────────────────────────────────────────────────╯

[0;0H╭──────────────────────────────────────────────────────────────────────────────╮
│  PufferLib 4.0      🐡           GPU: 56%     VRAM: 20.1/39G      RAM: 2.3G  │
│                                                                              │
│  Summary          Value    Evaluate   0d 0h  98%    Losses            Value  │
│  Env            nethack               0m 9s         policy            0.061  │
│  Params            4.0M      GPU       80ms   0%    value             0.364  │
│  Steps             3.9M      Env      0d 0h  97%    entropy           1.644  │
│  SPS              26.2K               0m 9s         total             0.063  │
│  Epoch               15    Train      164ms   1%    old_kl            0.067  │
│  Uptime    0d 0h 2m 25s      Misc      12ms   0%    kl                0.070  │
│  Remaini…    0d 10h 34m      Forwa…   152ms   1%    clipfrac          0.828  │
│                     35s                                                      │
│                                                                              │
│  User Stats                    Value    User Stats                    Value  │
│  perf                          0.000    score                         0.000  │
│  episode_return               -0.067    episode_length              924.417  │
│  depth                         0.000    valid_moves                  97.333  │
│  illegal_actions               5.750    new_tiles                    27.250  │
╰──────────────────────────────────────────────────────────────────────────────╯

[0;0H╭──────────────────────────────────────────────────────────────────────────────╮
│  PufferLib 4.0     🐡             GPU: 1%     VRAM: 20.1/39G      RAM: 2.4G  │
│                                                                              │
│  Summary          Value    Evaluate   0d 0h  97%    Losses            Value  │
│  Env            nethack              0m 10s         policy            0.049  │
│  Params            4.0M      GPU       84ms   0%    value             0.300  │
│  Steps             4.2M      Env      0d 0h  97%    entropy           1.696  │
│  SPS              25.4K              0m 10s         total             0.044  │
│  Epoch               16    Train      221ms   2%    old_kl            0.050  │
│  Uptime    0d 0h 2m 35s      Misc      13ms   0%    kl                0.050  │
│  Remaini…    0d 10h 54m      Forwa…   208ms   2%    clipfrac          0.827  │
│                      5s                                                      │
│                                                                              │
│  User Stats                    Value    User Stats                    Value  │
│  perf                          0.000    score                         0.000  │
│  episode_return               -0.142    episode_length              989.316  │
│  depth                         0.000    valid_moves                  91.684  │
│  illegal_actions               5.579    new_tiles                    25.947  │
╰──────────────────────────────────────────────────────────────────────────────╯

[0;0H╭──────────────────────────────────────────────────────────────────────────────╮
│  PufferLib 4.0    🐡              GPU: 1%     VRAM: 20.1/39G      RAM: 2.4G  │
│                                                                              │
│  Summary          Value    Evaluate   0d 0h  98%    Losses            Value  │
│  Env            nethack              0m 11s         policy            0.043  │
│  Params            4.0M      GPU       84ms   0%    value             0.340  │
│  Steps             4.5M      Env      0d 0h  97%    entropy           1.729  │
│  SPS              22.6K              0m 11s         total             0.041  │
│  Epoch               17    Train      163ms   1%    old_kl            0.037  │
│  Uptime    0d 0h 2m 47s      Misc      13ms   0%    kl                0.038  │
│  Remaini…    0d 12h 14m      Forwa…   150ms   1%    clipfrac          0.831  │
│                     32s                                                      │
│                                                                              │
│  User Stats                    Value    User Stats                    Value  │
│  perf                          0.000    score                         0.000  │
│  episode_return                2.377    episode_length             1012.545  │
│  depth                         0.000    valid_moves                 124.864  │
│  illegal_actions               1.864    new_tiles                    30.818  │
╰──────────────────────────────────────────────────────────────────────────────╯

[0;0H╭──────────────────────────────────────────────────────────────────────────────╮
│  PufferLib 4.0   🐡              GPU: 40%     VRAM: 20.1/39G      RAM: 2.4G  │
│                                                                              │
│  Summary          Value    Evaluate   0d 0h  98%    Losses            Value  │
│  Env            nethack              0m 10s         policy            0.052  │
│  Params            4.0M      GPU       82ms   0%    value             0.290  │
│  Steps             4.7M      Env      0d 0h  97%    entropy           1.723  │
│  SPS              24.0K              0m 10s         total             0.045  │
│  Epoch               18    Train      216ms   1%    old_kl            0.040  │
│  Uptime    0d 0h 2m 58s      Misc      13ms   0%    kl                0.041  │
│  Remaini…    0d 11h 30m      Forwa…   203ms   1%    clipfrac          0.825  │
│                     45s                                                      │
│                                                                              │
│  User Stats                    Value    User Stats                    Value  │
│  perf                          0.000    score                         0.000  │
│  episode_return               -1.450    episode_length             1120.778  │
│  depth                         0.000    valid_moves                 125.167  │
│  illegal_actions               9.167    new_tiles                    30.778  │
╰──────────────────────────────────────────────────────────────────────────────╯

[0;0H╭──────────────────────────────────────────────────────────────────────────────╮
│  PufferLib 4.0  🐡                GPU: 1%     VRAM: 20.1/39G      RAM: 2.4G  │
│                                                                              │
│  Summary          Value    Evaluate   0d 0h  98%    Losses            Value  │
│  Env            nethack              0m 10s         policy            0.050  │
│  Params            4.0M      GPU       85ms   0%    value             0.316  │
│  Steps             5.0M      Env      0d 0h  97%    entropy           1.767  │
│  SPS              23.9K              0m 10s         total             0.045  │
│  Epoch               19    Train      184ms   1%    old_kl            0.043  │
│  Uptime     0d 0h 3m 9s      Misc      13ms   0%    kl                0.043  │
│  Remaini…    0d 11h 33m      Forwa…   171ms   1%    clipfrac          0.824  │
│                     54s                                                      │
│                                                                              │
│  User Stats                    Value    User Stats                    Value  │
│  perf                          0.000    score                         0.000  │
│  episode_return               -2.246    episode_length             1186.923  │
│  depth                         0.000    valid_moves                 152.385  │
│  illegal_actions              12.769    new_tiles                    40.615  │
╰──────────────────────────────────────────────────────────────────────────────╯

[0;0H╭──────────────────────────────────────────────────────────────────────────────╮
│  PufferLib 4.0 🐡                 GPU: 1%     VRAM: 20.1/39G      RAM: 2.4G  │
│                                                                              │
│  Summary          Value    Evaluate   0d 0h  98%    Losses            Value  │
│  Env            nethack              0m 11s         policy            0.054  │
│  Params            4.0M      GPU       83ms   0%    value             0.314  │
│  Steps             5.2M      Env      0d 0h  97%    entropy           1.766  │
│  SPS              22.8K              0m 11s         total             0.048  │
│  Epoch               20    Train      176ms   1%    old_kl            0.050  │
│  Uptime    0d 0h 3m 20s      Misc      13ms   0%    kl                0.052  │
│  Remaini…     0d 12h 5m      Forwa…   162ms   1%    clipfrac          0.814  │
│                     36s                                                      │
│                                                                              │
│  User Stats                    Value    User Stats                    Value  │
│  perf                          0.000    score                         0.000  │
│  episode_return                1.869    episode_length             1144.000  │
│  depth                         0.000    valid_moves                 226.000  │
│  illegal_actions               4.812    new_tiles                    41.500  │
╰──────────────────────────────────────────────────────────────────────────────╯

[0;0H╭──────────────────────────────────────────────────────────────────────────────╮
│  PufferLib 4.0          🐡       GPU: 15%     VRAM: 20.5/39G      RAM: 2.4G  │
│                                                                              │
│  Summary          Value    Evaluate   0d 0h  98%    Losses            Value  │
│  Env            nethack              0m 11s         policy            0.052  │
│  Params            4.0M      GPU       80ms   0%    value             0.296  │
│  Steps             5.5M      Env      0d 0h  97%    entropy           1.778  │
│  SPS              22.6K              0m 11s         total             0.045  │
│  Epoch               21    Train      196ms   1%    old_kl            0.032  │
│  Uptime    0d 0h 3m 32s      Misc      12ms   0%    kl                0.032  │
│  Remaini…    0d 12h 12m      Forwa…   184ms   1%    clipfrac          0.812  │
│                     14s                                                      │
│                                                                              │
│  User Stats                    Value    User Stats                    Value  │
│  perf                          0.000    score                         0.000  │
│  episode_return                0.525    episode_length             1225.714  │
│  depth                         0.000    valid_moves                 181.607  │
│  illegal_actions               8.250    new_tiles                    45.429  │
╰──────────────────────────────────────────────────────────────────────────────╯

[0;0H╭──────────────────────────────────────────────────────────────────────────────╮
│  PufferLib 4.0         🐡         GPU: 1%     VRAM: 20.1/39G      RAM: 2.4G  │
│                                                                              │
│  Summary          Value    Evaluate   0d 0h  98%    Losses            Value  │
│  Env            nethack              0m 11s         policy            0.038  │
│  Params            4.0M      GPU       81ms   0%    value             0.301  │
│  Steps             5.8M      Env      0d 0h  97%    entropy           1.802  │
│  SPS              21.8K              0m 11s         total             0.031  │
│  Epoch               22    Train      187ms   1%    old_kl            0.017  │
│  Uptime    0d 0h 3m 44s      Misc      12ms   0%    kl                0.017  │
│  Remaini…    0d 12h 39m      Forwa…   176ms   1%    clipfrac          0.795  │
│                     48s                                                      │
│                                                                              │
│  User Stats                    Value    User Stats                    Value  │
│  perf                          0.000    score                         0.000  │
│  episode_return                3.063    episode_length             1334.833  │
│  depth                         0.000    valid_moves                 218.083  │
│  illegal_actions               2.625    new_tiles                    43.333  │
╰──────────────────────────────────────────────────────────────────────────────╯

[0;0H╭──────────────────────────────────────────────────────────────────────────────╮
│  PufferLib 4.0        🐡          GPU: 1%     VRAM: 20.1/39G      RAM: 2.4G  │
│                                                                              │
│  Summary          Value    Evaluate   0d 0h  98%    Losses            Value  │
│  Env            nethack              0m 12s         policy            0.047  │
│  Params            4.0M      GPU       83ms   0%    value             0.240  │
│  Steps             6.0M      Env      0d 0h  97%    entropy           1.832  │
│  SPS              21.1K              0m 12s         total             0.033  │
│  Epoch               23    Train      161ms   1%    old_kl            0.027  │
│  Uptime    0d 0h 3m 56s      Misc      13ms   0%    kl                0.028  │
│  Remaini…     0d 13h 5m      Forwa…   148ms   1%    clipfrac          0.801  │
│                     45s                                                      │
│                                                                              │
│  User Stats                    Value    User Stats                    Value  │
│  perf                          0.000    score                         0.000  │
│  episode_return                0.800    episode_length             1344.414  │
│  depth                         0.000    valid_moves                 153.379  │
│  illegal_actions               6.103    new_tiles                    38.172  │
╰──────────────────────────────────────────────────────────────────────────────╯

[0;0H╭──────────────────────────────────────────────────────────────────────────────╮
│  PufferLib 4.0       🐡          GPU: 62%     VRAM: 20.1/39G      RAM: 2.4G  │
│                                                                              │
│  Summary          Value    Evaluate   0d 0h  98%    Losses            Value  │
│  Env            nethack              0m 12s         policy            0.042  │
│  Params            4.0M      GPU       76ms   0%    value             0.277  │
│  Steps             6.3M      Env      0d 0h  98%    entropy           1.832  │
│  SPS              21.0K              0m 12s         total             0.031  │
│  Epoch               24    Train      160ms   1%    old_kl            0.020  │
│  Uptime     0d 0h 4m 9s      Misc      13ms   0%    kl                0.020  │
│  Remaini…     0d 13h 7m      Forwa…   147ms   1%    clipfrac          0.785  │
│                     52s                                                      │
│                                                                              │
│  User Stats                    Value    User Stats                    Value  │
│  perf                          0.000    score                         0.000  │
│  episode_return               -0.340    episode_length             1504.267  │
│  depth                         0.000    valid_moves                 201.400  │
│  illegal_actions               8.733    new_tiles                    38.933  │
╰──────────────────────────────────────────────────────────────────────────────╯

[0;0H╭──────────────────────────────────────────────────────────────────────────────╮
│  PufferLib 4.0      🐡            GPU: 1%     VRAM: 20.1/39G      RAM: 2.4G  │
│                                                                              │
│  Summary          Value    Evaluate   0d 0h  98%    Losses            Value  │
│  Env            nethack              0m 11s         policy            0.038  │
│  Params            4.0M      GPU       81ms   0%    value             0.214  │
│  Steps             6.6M      Env      0d 0h  97%    entropy           1.914  │
│  SPS              21.7K              0m 11s         total             0.020  │
│  Epoch               25    Train      185ms   1%    old_kl            0.023  │
│  Uptime    0d 0h 4m 21s      Misc      12ms   0%    kl                0.024  │
│  Remaini…    0d 12h 44m      Forwa…   173ms   1%    clipfrac          0.793  │
│                     33s                                                      │
│                                                                              │
│  User Stats                    Value    User Stats                    Value  │
│  perf                          0.000    score                         0.000  │
│  episode_return                3.207    episode_length             1237.071  │
│  depth                         0.000    valid_moves                 198.714  │
│  illegal_actions               3.714    new_tiles                    49.214  │
╰──────────────────────────────────────────────────────────────────────────────╯

